✔ backup round-trip restores config and preserves base catalog (258.385363ms)
✔ catalog bootstrap validates then activates only after import (199.506169ms)
✔ Phase 3 bootstrap installs required packs only and keeps optional packs available (203.236861ms)
✔ indexed recipe query combines text, numeric filters, current-version and installed-pack membership (171.433172ms)
✔ pack uninstall hides recipes without deleting immutable versions (121.699947ms)
✔ personal ingredient edits create immutable revisions and advance the family pointer (134.537895ms)
✔ personal recipe nutrition and allergens are derived from frozen ingredient revisions and edits create versions (135.703945ms)
✔ personal catalog export/import preserves user family+version records with checksum (186.857906ms)
✔ failed catalog update leaves the previous active version untouched (130.885257ms)
✔ all distributed Phase 3 catalog records validate, including optional packs (103.012271ms)
✔ real Phase 2 catalog fixture upgrades to Phase 3 without mutating historical immutable records (65.245007ms)
✔ bootstrap configuration passes Phase 2 semantic validation (165.022109ms)
✔ nutrition semantic validation rejects inverted bounds and ambiguous enabled state (102.388841ms)
✔ DayClass overlapping slots require parallel=true on every overlapping slot (122.779208ms)
✔ configuration validation rejects missing cross-record references (124.921393ms)
✔ cycle normalization creates a contiguous 1..N sequence (123.89131ms)
✔ saveConfigurationBundle validates before atomic activation (109.233705ms)
✔ onboarding draft persists separately and completion activates atomically (103.70345ms)
✔ unknown quantitative MealClass target is rejected by the V1 registry (110.53112ms)
✔ structure configuration export excludes sensitive profiles and imports over local safety settings (163.664119ms)
✔ configuration export checksum detects tampering (100.843709ms)
✔ cycle editor domain supports the V1 maximum of 31 contiguous days (49.734294ms)
✔ controlled-scale schema is mirrored into the public PWA schema surface (9.433658ms)
✔ 4P-D controlled plan is schema-valid, policy-bound and bridges exactly 220 -> 500 as 100+100+80 (75.214702ms)
✔ freshness identity helper reproduces scanCorpus content digest without re-running coverage analysis (131.495245ms)
✔ controlled-scale generator produces deterministic lunch candidates inside the frozen energy band from curated/high ingredients only (14.620555ms)
✔ pre-freeze controlled-scale writer workflow is retired while the historical runner remains available in Git history/source (13.098563ms)
✔ split controlled-scale runner accumulates canonical tranche evidence instead of overwriting prior checkpoints (1.02074ms)
✔ IndexedDB metadata contains the 22 legacy stores plus 3 versioned R1 stores and critical indexes (3.783022ms)
✔ migration runner is idempotent (3.951149ms)
✔ semver compatibility comparison is deterministic (0.567725ms)
✔ i18n has English fallback (2.549501ms)
✔ theme engine enforces WCAG guardrails (2.054563ms)
✔ Phase 4 orchestrator schemas are addressable by runtime aliases and canonical artifacts validate (132.810112ms)
✔ corpus scanner reproduces the smoke release snapshot quality and release gates (208.624166ms)
✔ corpus scanner treats inputDigest drift as a nutrition/provenance quality error (82.801214ms)
✔ orchestrator produces deterministic jobs for the same policy, snapshot, seed and goal (77.791476ms)
✔ focused expansion turns user focus into a constraint while retaining automatic batch planning (101.63578ms)
✔ focus_only planning freezes the first portable scale batch to generator-supported dimensions (84.322623ms)
✔ smoke pipeline rejects an exact duplicate and a candidate outside the planned nutrition range before reaching target (32.469381ms)
✔ published Phase 4 smoke release can be imported by the Phase 3 runtime catalog engine (137.62331ms)
✔ catalog loader accepts immutable records introduced by an older catalog but rejects records from a future catalog (48.443953ms)
✔ production release gate refuses development ingredient fixtures when curated high-confidence provenance is required (69.814856ms)
✔ default V1 corpus policy remains a 3,000–5,000 production target and validates (29.619979ms)
✔ compound coverage criteria count intersections rather than independent marginal distributions (59.404175ms)
✔ production planner keeps compound target criteria mutually compatible and caps simultaneous targets (136.215582ms)
✔ recipe pipeline enforces ingredient-category coverage criteria carried by the job (83.232018ms)
✖ USDA Foundation intake stays review-only until explicit approval, then materializes schema-valid curated ingredients (41.7752ms)
✔ deterministic pilot generator covers every frozen pilot stratum using curated/high ingredients only (112.387238ms)
✔ six deterministic pilot waves close with 120 accepted candidates and zero unresolved references (908.457007ms)
✔ portable scale generator can feed a 100-accepted industrialized batch without review backlog (477.442286ms)
✔ portable scale generator solves high-density USDA-style combinations without creating nutrition review backlog (492.339235ms)
✔ focus_only production planning excludes compound coverage cells unless every criterion is explicitly focused (489.732329ms)
✔ portable scale generator fails before batch execution when job requires unsupported protein or fiber bands (19.591556ms)
✔ 4P-A production contract is schema-valid, policy-aligned and defines a 120-candidate pilot (123.472976ms)
✔ 4P-A readiness audit exposes the real current blocker: all four active ingredient fixtures are non-production (75.173813ms)
✔ production planner excludes non-curated ingredients instead of emitting a production RecipeGenerationJob (97.602974ms)
✔ taxonomy intake reuses a canonical term instead of creating a duplicate proposal (36.853283ms)
✔ new extensible taxonomy concepts are proposed, reviewed and materialized before recipe use (82.912899ms)
✔ pilot intake distinguishes taxonomy resolution from ingredient production readiness (53.656433ms)
✔ an unresolved intake record cannot enter the production recipe processor (40.630252ms)
✔ ready production intake stamps accepted RecipeVersion with candidate, intake and contract provenance (66.193748ms)
✔ 4P-B freezes a two-source curation policy because Foundation published inventory is below the 400 ingredient minimum (89.125758ms)
✖ USDA curation import produces a source-digested review batch whose heuristics cannot materialize without explicit checks (68.611274ms)
✖ USDA importer converts kJ-only Energy to kcal instead of relabeling the numeric value (55.026365ms)
✔ approved curation record remains blocked unless every editorial review dimension is explicitly complete (67.158167ms)
✔ pilot wave 1 stays blocked until production ingredient readiness passes and wave 2 cannot bypass wave 1 closure (103.923066ms)
✔ pilot readiness ignores final 3000-recipe and production-manifest blockers once ingredient/reference readiness is green (40.224312ms)
✖ SR Legacy supplemental importer is source-bound and remains review-only (42.192785ms)
✔ legacy fixture retirement is an explicit schema-governed map, never an implicit replacement (48.416686ms)
✔ 4P-B governance is mirrored in the normative spec and project Skill (4.424078ms)
✔ 4P-C production recipe pipeline policy is schema-valid and bound to 4P-A/4P-B policies (119.355739ms)
✔ 4P-C scale job intake is deterministic and never starts candidates as ready (145.750938ms)
✔ industrialized production batch accepts only a full-score clean candidate and freezes report digest (170.433475ms)
✔ non-approved culinary candidate becomes needs_recipe_review and can be explicitly requeued (112.617244ms)
✔ numeric plausibility failures are quarantined as nutrition_outlier rather than silently rejected (127.196311ms)
✔ semantic taxonomy exceptions are routed to needs_reference_review (97.576208ms)
✔ exact duplicates are classified explicitly as duplicate and are terminal rejected in intake (291.493196ms)
✔ fresh snapshot guard detects corpus mutation after job planning (142.160001ms)
✔ current scale-500 gate is hard-blocked by unfinished 4P-B data/pilot, not by missing 3000 production recipes (129.091913ms)
✔ scale-500 gate becomes pass only after pilot completion, corpus quality and pro-rata hard coverage all pass (183.114934ms)
✔ scale-500 gate cannot become ready while the current corpus snapshot has quality errors (197.63928ms)
✔ Pass B guided taxonomy choices expose canonical IDs and preserve food hierarchy (4822.779012ms)
✔ Pass B uses the same MealArchetype default/min-one semantics for ingredient and recipe editors (2.804014ms)
✔ Pass B recipe-line unit choices are restricted to the selected ingredient basis and explicit conversions (0.379265ms)
✔ Pass B reference-data configurator creates canonical user terms and blocks label/alias collisions (4721.957017ms)
✔ Pass B authoring boundary rejects legacy semantic strings and blank authoritative nutrition (4659.271082ms)
✔ Pass B UI source removes semantic CSV/free-text controls from operational forms and precaches guided modules (6.968794ms)
✔ Pass C standard bootstrap is neutral, complete and schema-valid (212.374821ms)
✔ Pass C bootstrap upgrades only untouched legacy defaults and preserves explicit user configuration (107.394381ms)
✔ Pass C editable-route registry and dirty confirmation use one global navigation rule (1.172704ms)
✔ Pass C source audit centralizes disclosure state, guarded navigation, feedback and DayClass capabilities (22.770134ms)
✔ Pass D edits bundled recipes in-place at family level while preserving historical versions (302.628801ms)
✔ Pass D edits bundled ingredients with a new user revision and preserves the base revision (103.333311ms)
✔ Pass D personal catalog transfer can carry local overrides of bundled family IDs (196.993867ms)
✔ Pass D catalog pack reinstall does not overwrite a locally edited bundled recipe family (130.390668ms)
✔ Pass D routing normalizes trailing slashes and marks dynamic edit routes dirty-trackable (1.398586ms)
✔ Pass D source audit keeps details independent of plan state and removes origin edit gates (3.757316ms)
✔ Pass D deployment requires browser regression and origin labels describe provenance, not editability (5.388469ms)
✔ Pass E browser harness covers the final editor interaction acceptance surface (15.316058ms)
✔ Pass E closure gate runs after the browser gate and CI requires a real browser pass (4.941522ms)
✔ Pass E is reflected in the revision, specs and reusable project Skill (22.385551ms)
✔ refines mixed dairy and egg category by food descriptor (12.782395ms)
✔ conservative allergen derivation distinguishes seafood and common major allergens (2.054709ms)
✔ Italian label uses controlled translation where available and source-preserving fallback otherwise (4.206083ms)
✔ auto curation is deterministic, rejects complex categories, avoids exact display duplicates and meets target when eligible inventory exists (12.641768ms)
✔ deterministic curation rejects source rows whose declared energy is grossly inconsistent with macros (1.014191ms)
✔ deterministic curation protects explicit replacements for all four Phase 1 ingredient fixtures (1.604484ms)
✔ Atwater Specific and SR legacy energy are not rejected by a General-factor-only 4/4/9 check (0.723061ms)
✔ USDA descriptor refinement covers common pasta forms and herb/spice foods outside narrow category labels (0.47673ms)
✔ frozen group minimum selection can use valid USDA specific/legacy energy without lowering quotas (3.087023ms)
✔ auto curation applies the same frozen nutrition bounds as materialization before approval (5.745488ms)
✔ GitHub Pages base path helpers support project sites and root sites (2.698162ms)
✔ GitHub Pages deployment sources avoid root-absolute entry assets and include Pages Actions workflow (11.188875ms)
✔ bootstrap configuration fetch is deployment-base aware (1.824107ms)
✔ R1 structural schema is DB v7 and applies the new compound catalog indexes without deleting stores (3.243992ms)
✔ content migration resumes after interruption and is idempotent (72.305515ms)
✔ 10k unfiltered catalog browsing reads only the requested page of RecipeVersion records (239.352355ms)
✔ 10k operation history uses persisted head/redo pointers for new commits and bounded recent reads (316.753481ms)
✔ offline pack planner selects only the shard families needed by the installed recipe versions (4.063811ms)
✔ catalog update can roll back to the previous active family pointers while retaining immutable staged records (95.681651ms)
✔ failed catalog update records recoverable state without switching the active version (49.222628ms)
✔ runtime storage metrics persist record counts and quota estimates in meta (0.502813ms)
✔ Phase 8 accessibility and offline source gates are present (8.062646ms)
✔ day adherence summary is derived from meal occurrence states (2.457367ms)
✔ plan creation is one undoable and redoable atomic operation (262.705185ms)
✔ adherence update persists per meal, derives day status, and undo restores previous day (178.87562ms)
✔ replacement preview excludes current recipe and hard-allergen candidates; commit is undoable (71.247466ms)
✔ rebalance creates a dedicated GenerationRun, commits selected dates, and rolls back atomically (85.29243ms)
✔ new edit after undo invalidates the redo branch without deleting audit history (107.525722ms)
✔ today view uses civil consumption date and includes carry-over meals from prior diet date (73.698347ms)
✔ external adherence can persist a retrospective user estimate only when policy allows it (82.051208ms)
✔ same seed and frozen inputs produce identical plan assignments (33.8038ms)
✔ allergy is a hard filter and never reaches scoring/selection (5.5902ms)
✔ external slots have no recipes, servings stay at 1, and carry-over civil date is preserved (2.096837ms)
✔ soft MealClass avoid rule penalizes but does not hard-exclude a matching recipe (1.018226ms)
✔ planner returns classified failure instead of violating hard constraints (0.73848ms)
✔ startCycleDay supports rolling-horizon continuation without reset (0.974979ms)
✔ candidate retrieval remains bounded with a 10k-recipe archetype (608.160617ms)
✔ preview validates schemas, commit is atomic, and extension continues the cycle (70.884778ms)
✔ continuation state exposes prompt/auto/fixed temporal guardrails (1.179307ms)
✔ 365-day horizon materializes the cycle independently of month boundaries (2160.384488ms)
✔ horizon extension resolves historical RecipeVersion after family currentVersion changes (92.688618ms)
✔ pre-freeze network corpus writer stays retired while the active workflow rebuilds Phase B source and Phase D validation data (10.244454ms)
✔ first scale runner binds the specialized portable generator to focus_only planning and persists failure evidence (3.641725ms)
✔ production execution spec keeps deterministic review bounded and non-fuzzy (3.49642ms)
✔ pilot-strict readiness fails closed on the immutable development fixture even when public catalog is production-review (378.384356ms)
✔ development-baseline production tests are isolated from canonical workflow mutations (11.302534ms)
✔ production review schemas are loaded and the publication contract is review-only (93.403917ms)
✔ human review requires all six explicit dimensions and consistent decisions (91.935122ms)
✔ human review export/import is checksum-bound to the frozen publication and rejects duplicate or stale decisions (201.571498ms)
✔ review summary counts one current decision per frozen RecipeVersion (0.389075ms)
✔ legacy 5000 policy field is advisory: build planning can continue above 5000 (217.157661ms)
✔ planner Phase B workflow rebuilds the 1800-recipe validation corpus and verifies generated drift (2.292307ms)
✔ Phase 4 smoke builder is isolated from the mutable published review catalog (2.084516ms)
✔ published 500-recipe review catalog bootstraps all required recipes with the browser public schema surface (33.046721ms)
✔ browser regression gives production-scale catalog bootstrap a bounded window, waits for stable rendered results and fails fast on catalog errors (2.255881ms)
✔ browser regression respects frozen production-review UX while preserving the route-independent recipe editor (2.056579ms)
✔ published review recipes remain editable through version promotion without mutating the frozen reviewed version (30.559856ms)
✔ Pass A reference-data seed validates with schemas, hierarchy, aliases and deterministic digest (149.984354ms)
✔ Pass A semantic gate rejects typo references instead of silently accepting them (38.157135ms)
✔ Pass A migration maps legacy strings to canonical IDs without mutating historical ingredient/recipe records (196.78041ms)
✔ Pass A migration explicitly retypes legacy soft preference ingredient text when it resolves to a canonical food category (159.721092ms)
✔ Pass A migration does not broaden legacy auto-exclude ingredient text into a food category (83.466972ms)
✔ Pass A migration blocks unresolved legacy semantic text and leaves immutable pointer changes unapplied (105.488834ms)
✔ ingredient and recipe schemas use the same MealArchetype rule: at least one is required (114.63031ms)
✔ pipeline reference-data proposal requires an extensible taxonomy, resolves collisions, and materializes before use (182.1647ms)
✔ RecipeGenerationJob freezes reference-data version and digest (104.90222ms)
✔ Pass A corpus policies use canonical taxonomy term IDs for every semantic coverage criterion (43.055119ms)
✔ T07 R0 stale safety configuration rejects commitPlanPreview without plan writes (183.223895ms)
✔ T07 R0 stale safety configuration rejects commitGeneratedPreview without plan writes (44.054251ms)
✔ T07 R0 extension rejects an intervening edit to the source plan (127.646549ms)
✔ T07/T45 R0 replacement validates preview target, configuration and current day (139.354382ms)
✔ T45 R0 rebalance rejects newer adherence and preserves authoritative before (159.321522ms)
✔ T45 R0 rejects tampered payload, changed catalog and replay after undo (124.295009ms)
✔ T03 R0 missing revision and empty legacy allergen array fail closed (0.468697ms)
✔ T01 R0 pasta/rice pasta and peanut butter/butter use individual evidence, not generic search names (0.540053ms)
✔ T10 R0 explicit quarantine covers all 20 baseline recipe IDs without deleting historical records (3.687534ms)
✔ T12 R0 a valid replacement retains saved notes and can be undone (152.317617ms)
✔ T10 R0 fish template accepts only a documented cooked/ready form (21.022752ms)
✔ T72 R1 miglio generic query aggregates forms without merging IDs, quantities or nutrients (218.290003ms)
✔ T72 R1 inconsistent or non-leaf product paths are rejected instead of inferred from names (123.353957ms)
✔ T06 R1 FoodGroup rejects nested, unknown and duplicate members; membership history is immutable (178.586125ms)
✔ T17/T18 R1 directional shopping yield cannot alter nutritional basis or invent g/ml equivalence (101.288993ms)
✔ T59/T72 R1 migration is additive, restartable, idempotent and preserves current local pointer and old records (164.175265ms)
✔ T59 R1 preserves existing data without legacy epoch and rejects content downgrade (114.805814ms)
✔ T59 R1 interrupted batches and changed local pointer cannot be overwritten (99.485192ms)
✔ T72 R1 unresolved mapping is retained for review without changing the family (121.720139ms)
✔ T72 R1 lexical similarity never merges forms; explicit redirects retain source and reject cycles (125.758533ms)
✔ T23/T39 R1 strict frequency draft validates bounds, half ideals and target references without activating V2 (77.506866ms)
✔ T01/T05 R1 strict safety contract cannot invent reviewer or contain/trace equivalence (117.371427ms)
✔ T21 R1 recipe V2 writes omit instructions and legacy versions remain lossless (206.963574ms)
✔ T59 R1 same-catalog backup 2 round-trips new registries and staged configuration (338.745454ms)
✔ T18 R1 V2 unit conversion requires a reviewed directional density; legacy unsourced conversion cannot be used (157.184817ms)
✔ T59/T74 R1 app/DB/cache contracts are current and every declared offline shell asset exists (22.302344ms)
✔ every browser-loaded JSON schema is an exact mirror of the canonical schema (59.762346ms)
✔ public ingredientRevision schema accepts production energy provenance but remains closed (32.448121ms)
✔ runtime JSON Schema validator accepts all canonical examples (56.893671ms)
✔ runtime JSON Schema validator rejects an invalid allergen id (2.427498ms)
✔ shopping uses civil consumption date, includes carry-over, excludes external slots, and resolves historical versions (65.464554ms)
✔ shopping multiplier scales quantities linearly without mutating the plan (35.048276ms)
✔ aggregation keeps incompatible ingredient states separate even for the same ingredient family (20.626966ms)
✔ persistent checklist tracks staleness and preserves derived user state plus manual items across refresh (57.997244ms)
✔ derived quantities are read-only while manual items can be removed (22.948204ms)
✔ preparation horizon follows civil dates, excludes external meals, and exposes frozen recipe practical metadata (25.255839ms)
✔ Phase A — daily calorie tolerance is a hard window, not a score preference (3.689728ms)
✔ Phase A — feasible 800 kcal plan succeeds with fixed servings only (34.76874ms)
✔ Phase A — feasible 2600 kcal plan succeeds without recipe scaling (1.810835ms)
✔ Phase A — impossible calorie window returns NO_FEASIBLE_PLAN diagnostics rather than out-of-range plan (1.841326ms)
✔ Phase A — soft ranking cannot erase the energy frontier before hard-feasibility search (0.878312ms)
✔ Phase A — numeric MealClass forbid rejects matching values and allows non-matching values (0.578253ms)
✔ Phase A — cooking and simple-snack capabilities are enforced as hard filters (0.394502ms)
✔ Phase A — soft avoid changes ranking but does not exclude candidate (0.683899ms)
✔ Phase A — constraint policy exposes hard and soft semantics explicitly (0.456386ms)
✔ Phase A — replacement preview only exposes candidates that preserve the daily hard energy window (9713.682227ms)
✔ Phase A — planned slots cannot expose external-only protein guidance as a fake constraint (2331.187055ms)
✔ Phase A — unknown external energy cannot be reported as a hard-valid calorie day (2935.620718ms)
✔ Phase B — eligibility expands real culinary coverage without inventing ingredient families (48.865576ms)
✔ Phase B — 1800 RecipeVersions are fixed single servings and use at least 300 distinct ingredients (4.53693ms)
✔ Phase B — every intended meal class has low, medium and high energy choices (1.492291ms)
✔ Phase B — public publication is validation-only and has zero structural quality blockers (298.318329ms)
✔ Phase B — narrow ±2% energy windows are feasible at both 800 and 2600 kcal without scaling (10299.490504ms)
✔ Phase B — generator source contains no energy-fitting solver path (2.377472ms)
✔ Phase C — runtime retrieval exposes the full Phase B archetype instead of truncating at 250 (7133.978423ms)
✔ Phase C — validation profiles are non-destructive configuration overlays (3.832124ms)
✔ Phase C — successful manual case exposes slot pipeline diagnostics, fixed servings and no persisted plan (1330.181075ms)
✔ Phase C — hard allergen remains visible in hard-filter rejection diagnostics (745.213512ms)
✔ Phase C — intolerance and fiber stress presets exercise safety-hard and nutrient-soft paths (1.575642ms)
✔ Phase C — soft MealClass avoid and frequency presets remain non-excluding scoring rules (0.765113ms)
✔ Phase C — soft MealClass avoid changes scores without changing hard eligibility counts (2208.630242ms)
✔ Phase C — deliberately impossible and external-unknown profiles fail with classified hard reasons (1250.144236ms)
✔ Phase C — soft profile changes scoring without becoming a hard constraint (1288.685228ms)
✔ Phase C — same seed and configuration produce the same plan signature (1943.76859ms)
✔ Phase C — UI exposes the manual validation route and diagnostic actions (6.638327ms)
✔ Phase C — browser vertical flow uses retry-safe click after asynchronous today-page rerender (5.761879ms)
✔ Phase D3 — product-food picker collapses technical variants into conceptual taxonomy choices with coverage (6578.444093ms)
✔ Phase D4 — ingredient facets filter by product taxonomy and technical state without exposing revision noise as preference semantics (79.001169ms)
✔ Phase D4 — recipe facets combine product taxonomy, diet and practical tags and filter the actual ingredient graph (666.358123ms)
✔ Phase D3 — the same product-food picker is wired into preference/safety/meal rules and ingredient authoring (3.85999ms)
✔ Phase D5 — Day → Recipe → Ingredient carries contextual return routes down to the exact meal slot (1.537515ms)
✔ Phase D3-D5 — real Chromium gate exercises taxonomy facets and contextual drill-down (1.749125ms)
✔ Phase D2/R1 - all 600 current ingredient revisions have a valid three-level product taxonomy (6561.190301ms)
✔ Phase D2 - Dairy productFood autoExclude is enforced as a hard planner constraint (5555.451329ms)
✔ Phase D1 - propose alternative changes every planned slot when strict alternative search is feasible (10898.449406ms)
✔ Phase D1 - recalculate and alternative are distinct, explicit modes (6780.921204ms)
✔ Phase E protocol has the required manual product coverage (1.544178ms)
✔ Phase E acceptance stays blocked until every required case passes (0.793456ms)
✔ Phase E normalizer requires fail severity and strips severity from passing cases (1.002645ms)
✔ Phase F — slot option keeps nutrition as a tie-break while applying preference and variety at full strength (2.595316ms)
✔ Phase F — short-window exact recipe repetition is strongly penalized but remains soft (1.07085ms)
✔ Phase F — quality metrics expose uniqueness and rolling repetition windows (20.634052ms)
✔ Phase F — Planner Lab surfaces quality metrics and raw export contains them (36.45733ms)
✔ Historical Phase G — release-candidate freeze binds rc.34 to the 600/1800 planner baseline without mutating recipe content (13.543514ms)
✔ Historical Phase G — product taxonomy and Phase F quality evidence are part of the freeze contract (5.666907ms)
✔ Historical Phase G — freeze records the fail-closed boundary even after a later metadata-only stable promotion (28.481759ms)
✔ Historical Phase G — PWA shell/data cache and pre-V1 epoch stay frozen through stable metadata promotion (18.431958ms)
✔ Historical Phase H — handoff closes development while preserving the Phase G frozen content (398.619433ms)
✔ Historical Phase H — stable promotion requires exact ACCEPT V1 and a fully passing manual report (483.969226ms)
✔ Historical Phase H — a synthetic accepted projection passes the stable gate without changing frozen catalog content (290.166482ms)
✔ Historical Phase H — promotion CLI is dry-run by default and does not embed an acceptance decision (2.016419ms)
✔ R1 epoch adoption preserves existing RC data and owned browser state for additive migration (94.636436ms)
✔ current pre-V1 epoch is idempotent and does not erase current candidate data (1.240522ms)
✔ Planner Phase B publication is coherent: 600 ingredients, 1800 recipes and core contains the validation corpus (679.311315ms)
✔ Step2 A — default 7-day plan is deterministic, complete, within energy tolerance and reloadable (14566.965585ms)
✔ Step2 B — vegetarian auto-exclusions hold during generation and replacement (9356.268662ms)
✔ Step2 C/R0 — unreviewed milk compatibility excludes generation, replacement and rebalance (6915.29887ms)
✔ Step2 D — configurable external meal, capability filtering and carry-over civil date work together (4098.156716ms)
✔ Step2 E — replacement, adherence, rebalance, undo/redo and reload preserve an effective plan (8751.891345ms)
✔ Step2 F — shopping is derived from frozen effective plan, scales, persists checklist state and stays stale after undo/redo (6802.565106ms)
✔ Step3 A - V1 catalog backup validates and round-trips user configuration without replacing base catalog (8636.592768ms)
✔ Step3 B - delete local data clears private state but preserves public PWA caches by default (3629.355381ms)
✔ Step3 C - destructive delete can clear owned public caches when explicitly requested (0.65288ms)
✔ Step3 D - stable release gate is fail-closed on the candidate and green after metadata-only promotion (346.610797ms)
ℹ tests 273
ℹ suites 0
ℹ pass 269
ℹ fail 4
ℹ cancelled 0
ℹ skipped 0
ℹ todo 0
ℹ duration_ms 57167.44893

✖ failing tests:

test at tests/corpus-phase4.test.mjs:318:1
✖ USDA Foundation intake stays review-only until explicit approval, then materializes schema-valid curated ingredients (41.7752ms)
  Error: ENOENT: no such file or directory, mkdtemp '/tmp/ydm-usda-UKJk9T'
      at async mkdtemp (node:internal/fs/promises:1254:10)
      at async TestContext.<anonymous> (file:///workspace/scratch/621114de952a/yourDietManager_v2_R0_R1/tests/corpus-phase4.test.mjs:320:16)
      at async Test.run (node:internal/test_runner/test:1389:7)
      at async Test.processPendingSubtests (node:internal/test_runner/test:960:7) {
    errno: -2,
    code: 'ENOENT',
    syscall: 'mkdtemp',
    path: '/tmp/ydm-usda-UKJk9T'
  }

test at tests/corpus-production-pass-b.test.mjs:47:1
✖ USDA curation import produces a source-digested review batch whose heuristics cannot materialize without explicit checks (68.611274ms)
  Error: ENOENT: no such file or directory, mkdtemp '/tmp/ydm-4pb-import-heFFrQ'
      at async mkdtemp (node:internal/fs/promises:1254:10)
      at async TestContext.<anonymous> (file:///workspace/scratch/621114de952a/yourDietManager_v2_R0_R1/tests/corpus-production-pass-b.test.mjs:49:16)
      at async Test.run (node:internal/test_runner/test:1389:7)
      at async Test.processPendingSubtests (node:internal/test_runner/test:960:7) {
    errno: -2,
    code: 'ENOENT',
    syscall: 'mkdtemp',
    path: '/tmp/ydm-4pb-import-heFFrQ'
  }

test at tests/corpus-production-pass-b.test.mjs:80:1
✖ USDA importer converts kJ-only Energy to kcal instead of relabeling the numeric value (55.026365ms)
  Error: ENOENT: no such file or directory, mkdtemp '/tmp/ydm-4pb-kj-import-rn6KZz'
      at async mkdtemp (node:internal/fs/promises:1254:10)
      at async TestContext.<anonymous> (file:///workspace/scratch/621114de952a/yourDietManager_v2_R0_R1/tests/corpus-production-pass-b.test.mjs:82:16)
      at async Test.run (node:internal/test_runner/test:1389:7)
      at async Test.processPendingSubtests (node:internal/test_runner/test:960:7) {
    errno: -2,
    code: 'ENOENT',
    syscall: 'mkdtemp',
    path: '/tmp/ydm-4pb-kj-import-rn6KZz'
  }

test at tests/corpus-production-pass-b.test.mjs:141:1
✖ SR Legacy supplemental importer is source-bound and remains review-only (42.192785ms)
  Error: ENOENT: no such file or directory, mkdtemp '/tmp/ydm-4pb-sr-import-levefR'
      at async mkdtemp (node:internal/fs/promises:1254:10)
      at async TestContext.<anonymous> (file:///workspace/scratch/621114de952a/yourDietManager_v2_R0_R1/tests/corpus-production-pass-b.test.mjs:143:16)
      at async Test.run (node:internal/test_runner/test:1389:7)
      at async Test.processPendingSubtests (node:internal/test_runner/test:960:7) {
    errno: -2,
    code: 'ENOENT',
    syscall: 'mkdtemp',
    path: '/tmp/ydm-4pb-sr-import-levefR'
  }
