✔ backup round-trip restores config and preserves base catalog (328.607118ms)
✔ catalog bootstrap validates then activates only after import (169.42139ms)
✔ Phase 3 bootstrap installs required packs only and keeps optional packs available (183.938194ms)
✔ indexed recipe query combines text, numeric filters, current-version and installed-pack membership (123.405209ms)
✔ pack uninstall hides recipes without deleting immutable versions (158.749899ms)
✔ personal ingredient edits create immutable revisions and advance the family pointer (126.36284ms)
✔ personal recipe nutrition and allergens are derived from frozen ingredient revisions and edits create versions (117.028183ms)
✔ personal catalog export/import preserves user family+version records with checksum (186.127987ms)
✔ failed catalog update leaves the previous active version untouched (60.300837ms)
✔ all distributed Phase 3 catalog records validate, including optional packs (68.62419ms)
✔ real Phase 2 catalog fixture upgrades to Phase 3 without mutating historical immutable records (73.203181ms)
✔ bootstrap configuration passes Phase 2 semantic validation (183.443011ms)
✔ nutrition semantic validation rejects inverted bounds and ambiguous enabled state (90.195169ms)
✔ DayClass overlapping slots require parallel=true on every overlapping slot (73.95458ms)
✔ configuration validation rejects missing cross-record references (68.317746ms)
✔ cycle normalization creates a contiguous 1..N sequence (95.993773ms)
✔ saveConfigurationBundle validates before atomic activation (124.921601ms)
✔ onboarding draft persists separately and completion activates atomically (184.983033ms)
✔ unknown quantitative MealClass target is rejected by the V1 registry (113.211631ms)
✔ structure configuration export excludes sensitive profiles and imports over local safety settings (112.774771ms)
✔ configuration export checksum detects tampering (99.228664ms)
✔ cycle editor domain supports the V1 maximum of 31 contiguous days (128.748917ms)
✔ controlled-scale schema is mirrored into the public PWA schema surface (11.283385ms)
✔ 4P-D controlled plan is schema-valid, policy-bound and bridges exactly 220 -> 500 as 100+100+80 (117.749879ms)
✔ freshness identity helper reproduces scanCorpus content digest without re-running coverage analysis (204.385005ms)
✔ controlled-scale generator produces deterministic lunch candidates inside the frozen energy band from curated/high ingredients only (7.896283ms)
✔ pre-freeze controlled-scale writer workflow is retired while the historical runner remains available in Git history/source (6.676176ms)
✔ split controlled-scale runner accumulates canonical tranche evidence instead of overwriting prior checkpoints (2.640027ms)
✔ IndexedDB metadata contains the 22 legacy stores plus 3 versioned R1 stores and critical indexes (2.133343ms)
✔ migration runner is idempotent (2.624837ms)
✔ semver compatibility comparison is deterministic (1.031812ms)
✔ i18n has English fallback (1.356858ms)
✔ theme engine enforces WCAG guardrails (0.852263ms)
✔ Phase 4 orchestrator schemas are addressable by runtime aliases and canonical artifacts validate (108.871518ms)
✔ corpus scanner reproduces the smoke release snapshot quality and release gates (106.410131ms)
✔ corpus scanner treats inputDigest drift as a nutrition/provenance quality error (60.660007ms)
✔ orchestrator produces deterministic jobs for the same policy, snapshot, seed and goal (73.454152ms)
✔ focused expansion turns user focus into a constraint while retaining automatic batch planning (96.155304ms)
✔ focus_only planning freezes the first portable scale batch to generator-supported dimensions (73.708516ms)
✔ smoke pipeline rejects an exact duplicate and a candidate outside the planned nutrition range before reaching target (59.572472ms)
✔ published Phase 4 smoke release can be imported by the Phase 3 runtime catalog engine (255.912844ms)
✔ catalog loader accepts immutable records introduced by an older catalog but rejects records from a future catalog (53.959711ms)
✔ production release gate refuses development ingredient fixtures when curated high-confidence provenance is required (82.007658ms)
✔ default V1 corpus policy remains a 3,000–5,000 production target and validates (35.464673ms)
✔ compound coverage criteria count intersections rather than independent marginal distributions (61.380484ms)
✔ production planner keeps compound target criteria mutually compatible and caps simultaneous targets (118.594792ms)
✔ recipe pipeline enforces ingredient-category coverage criteria carried by the job (61.410085ms)
✔ USDA Foundation intake stays review-only until explicit approval, then materializes schema-valid curated ingredients (527.393195ms)
✔ deterministic pilot generator covers every frozen pilot stratum using curated/high ingredients only (133.477746ms)
✔ six deterministic pilot waves close with 120 accepted candidates and zero unresolved references (855.368038ms)
✔ portable scale generator can feed a 100-accepted industrialized batch without review backlog (530.678845ms)
✔ portable scale generator solves high-density USDA-style combinations without creating nutrition review backlog (351.294878ms)
✔ focus_only production planning excludes compound coverage cells unless every criterion is explicitly focused (539.556076ms)
✔ portable scale generator fails before batch execution when job requires unsupported protein or fiber bands (56.612573ms)
✔ 4P-A production contract is schema-valid, policy-aligned and defines a 120-candidate pilot (123.196877ms)
✔ 4P-A readiness audit exposes the real current blocker: all four active ingredient fixtures are non-production (120.09598ms)
✔ production planner excludes non-curated ingredients instead of emitting a production RecipeGenerationJob (197.929001ms)
✔ taxonomy intake reuses a canonical term instead of creating a duplicate proposal (53.413676ms)
✔ new extensible taxonomy concepts are proposed, reviewed and materialized before recipe use (110.973037ms)
✔ pilot intake distinguishes taxonomy resolution from ingredient production readiness (110.735658ms)
✔ an unresolved intake record cannot enter the production recipe processor (53.865005ms)
✔ ready production intake stamps accepted RecipeVersion with candidate, intake and contract provenance (57.752499ms)
✔ 4P-B freezes a two-source curation policy because Foundation published inventory is below the 400 ingredient minimum (102.303114ms)
✔ USDA curation import produces a source-digested review batch whose heuristics cannot materialize without explicit checks (379.911166ms)
✔ USDA importer converts kJ-only Energy to kcal instead of relabeling the numeric value (205.342014ms)
✔ approved curation record remains blocked unless every editorial review dimension is explicitly complete (86.831206ms)
✔ pilot wave 1 stays blocked until production ingredient readiness passes and wave 2 cannot bypass wave 1 closure (204.47064ms)
✔ pilot readiness ignores final 3000-recipe and production-manifest blockers once ingredient/reference readiness is green (36.668188ms)
✔ SR Legacy supplemental importer is source-bound and remains review-only (205.842425ms)
✔ legacy fixture retirement is an explicit schema-governed map, never an implicit replacement (59.415529ms)
✔ 4P-B governance is mirrored in the normative spec and project Skill (2.996722ms)
✔ 4P-C production recipe pipeline policy is schema-valid and bound to 4P-A/4P-B policies (87.778918ms)
✔ 4P-C scale job intake is deterministic and never starts candidates as ready (127.974248ms)
✔ industrialized production batch accepts only a full-score clean candidate and freezes report digest (122.963154ms)
✔ non-approved culinary candidate becomes needs_recipe_review and can be explicitly requeued (110.052282ms)
✔ numeric plausibility failures are quarantined as nutrition_outlier rather than silently rejected (146.18421ms)
✔ semantic taxonomy exceptions are routed to needs_reference_review (174.725186ms)
✔ exact duplicates are classified explicitly as duplicate and are terminal rejected in intake (171.254129ms)
✔ fresh snapshot guard detects corpus mutation after job planning (92.720441ms)
✔ current scale-500 gate is hard-blocked by unfinished 4P-B data/pilot, not by missing 3000 production recipes (69.050282ms)
✔ scale-500 gate becomes pass only after pilot completion, corpus quality and pro-rata hard coverage all pass (132.979271ms)
✔ scale-500 gate cannot become ready while the current corpus snapshot has quality errors (111.890441ms)
✔ Pass B guided taxonomy choices expose canonical IDs and preserve food hierarchy (4254.724034ms)
✔ Pass B uses the same MealArchetype default/min-one semantics for ingredient and recipe editors (1.70175ms)
✔ Pass B recipe-line unit choices are restricted to the selected ingredient basis and explicit conversions (0.565591ms)
✔ Pass B reference-data configurator creates canonical user terms and blocks label/alias collisions (5020.531933ms)
✔ Pass B authoring boundary rejects legacy semantic strings and blank authoritative nutrition (2655.753687ms)
✔ Pass B UI source removes semantic CSV/free-text controls from operational forms and precaches guided modules (8.206369ms)
✔ Pass C standard bootstrap is neutral, complete and schema-valid (124.06745ms)
✔ Pass C bootstrap upgrades only untouched legacy defaults and preserves explicit user configuration (123.964671ms)
✔ Pass C editable-route registry and dirty confirmation use one global navigation rule (1.279956ms)
✔ Pass C source audit centralizes disclosure state, guarded navigation, feedback and DayClass capabilities (26.991978ms)
✔ Pass D edits bundled recipes in-place at family level while preserving historical versions (176.889289ms)
✔ Pass D edits bundled ingredients with a new user revision and preserves the base revision (149.997673ms)
✔ Pass D personal catalog transfer can carry local overrides of bundled family IDs (276.555301ms)
✔ Pass D catalog pack reinstall does not overwrite a locally edited bundled recipe family (250.836922ms)
✔ Pass D routing normalizes trailing slashes and marks dynamic edit routes dirty-trackable (0.956912ms)
✔ Pass D source audit keeps details independent of plan state and removes origin edit gates (3.22871ms)
✔ Pass D deployment requires browser regression and origin labels describe provenance, not editability (4.364083ms)
✔ Pass E browser harness covers the final editor interaction acceptance surface (20.262573ms)
✔ Pass E closure gate runs after the browser gate and CI requires a real browser pass (6.648677ms)
✔ Pass E is reflected in the revision, specs and reusable project Skill (8.671148ms)
✔ refines mixed dairy and egg category by food descriptor (2.60973ms)
✔ conservative allergen derivation distinguishes seafood and common major allergens (1.444819ms)
✔ Italian label uses controlled translation where available and source-preserving fallback otherwise (3.458266ms)
✔ auto curation is deterministic, rejects complex categories, avoids exact display duplicates and meets target when eligible inventory exists (6.696635ms)
✔ deterministic curation rejects source rows whose declared energy is grossly inconsistent with macros (0.428902ms)
✔ deterministic curation protects explicit replacements for all four Phase 1 ingredient fixtures (1.462064ms)
✔ Atwater Specific and SR legacy energy are not rejected by a General-factor-only 4/4/9 check (0.975634ms)
✔ USDA descriptor refinement covers common pasta forms and herb/spice foods outside narrow category labels (0.27578ms)
✔ frozen group minimum selection can use valid USDA specific/legacy energy without lowering quotas (1.898956ms)
✔ auto curation applies the same frozen nutrition bounds as materialization before approval (0.941469ms)
✔ GitHub Pages base path helpers support project sites and root sites (2.455622ms)
✔ GitHub Pages deployment sources avoid root-absolute entry assets and include Pages Actions workflow (19.960206ms)
✔ bootstrap configuration fetch is deployment-base aware (7.402351ms)
✔ R1 structural schema is DB v7 and applies the new compound catalog indexes without deleting stores (2.485071ms)
✔ content migration resumes after interruption and is idempotent (72.79095ms)
✔ 10k unfiltered catalog browsing reads only the requested page of RecipeVersion records (414.27965ms)
✔ 10k operation history uses persisted head/redo pointers for new commits and bounded recent reads (282.80044ms)
✔ offline pack planner selects only the shard families needed by the installed recipe versions (12.102191ms)
✔ catalog update can roll back to the previous active family pointers while retaining immutable staged records (179.201258ms)
✔ failed catalog update records recoverable state without switching the active version (73.55605ms)
✔ runtime storage metrics persist record counts and quota estimates in meta (0.6376ms)
✔ Phase 8 accessibility and offline source gates are present (4.063155ms)
✔ day adherence summary is derived from meal occurrence states (1.977079ms)
✔ plan creation is one undoable and redoable atomic operation (120.510431ms)
✔ adherence update persists per meal, derives day status, and undo restores previous day (66.407003ms)
✔ replacement preview excludes current recipe and hard-allergen candidates; commit is undoable (81.025966ms)
✔ rebalance creates a dedicated GenerationRun, commits selected dates, and rolls back atomically (126.310762ms)
✔ new edit after undo invalidates the redo branch without deleting audit history (78.583688ms)
✔ today view uses civil consumption date and includes carry-over meals from prior diet date (108.64307ms)
✔ external adherence can persist a retrospective user estimate only when policy allows it (75.638673ms)
✔ same seed and frozen inputs produce identical plan assignments (47.659857ms)
✔ allergy is a hard filter and never reaches scoring/selection (6.056172ms)
✔ external slots have no recipes, servings stay at 1, and carry-over civil date is preserved (3.155716ms)
✔ soft MealClass avoid rule penalizes but does not hard-exclude a matching recipe (1.73884ms)
✔ planner returns classified failure instead of violating hard constraints (1.121882ms)
✔ startCycleDay supports rolling-horizon continuation without reset (1.244531ms)
✔ candidate retrieval remains bounded with a 10k-recipe archetype (676.357288ms)
✔ preview validates schemas, commit is atomic, and extension continues the cycle (169.927314ms)
✔ continuation state exposes prompt/auto/fixed temporal guardrails (0.675365ms)
✔ 365-day horizon materializes the cycle independently of month boundaries (2319.717456ms)
✔ horizon extension resolves historical RecipeVersion after family currentVersion changes (79.709206ms)
✔ pre-freeze network corpus writer stays retired while the active workflow rebuilds Phase B source and Phase D validation data (17.934451ms)
✔ first scale runner binds the specialized portable generator to focus_only planning and persists failure evidence (4.66744ms)
✔ production execution spec keeps deterministic review bounded and non-fuzzy (20.691975ms)
✔ pilot-strict readiness fails closed on the immutable development fixture even when public catalog is production-review (358.274318ms)
✔ development-baseline production tests are isolated from canonical workflow mutations (13.229915ms)
✔ production review schemas are loaded and the publication contract is review-only (82.978391ms)
✔ human review requires all six explicit dimensions and consistent decisions (42.981649ms)
✔ human review export/import is checksum-bound to the frozen publication and rejects duplicate or stale decisions (169.543111ms)
✔ review summary counts one current decision per frozen RecipeVersion (0.415772ms)
✔ legacy 5000 policy field is advisory: build planning can continue above 5000 (150.317479ms)
✔ planner Phase B workflow rebuilds the 1800-recipe validation corpus and verifies generated drift (2.563966ms)
✔ Phase 4 smoke builder is isolated from the mutable published review catalog (3.749941ms)
✔ published 500-recipe review catalog bootstraps all required recipes with the browser public schema surface (93.089126ms)
✔ browser regression gives production-scale catalog bootstrap a bounded window, waits for stable rendered results and fails fast on catalog errors (6.908881ms)
✔ browser regression respects frozen production-review UX while preserving the route-independent recipe editor (3.555351ms)
✔ published review recipes remain editable through version promotion without mutating the frozen reviewed version (95.479462ms)
✔ Pass A reference-data seed validates with schemas, hierarchy, aliases and deterministic digest (125.894227ms)
✔ Pass A semantic gate rejects typo references instead of silently accepting them (33.252632ms)
✔ Pass A migration maps legacy strings to canonical IDs without mutating historical ingredient/recipe records (153.954126ms)
✔ Pass A migration explicitly retypes legacy soft preference ingredient text when it resolves to a canonical food category (65.247376ms)
✔ Pass A migration does not broaden legacy auto-exclude ingredient text into a food category (50.826208ms)
✔ Pass A migration blocks unresolved legacy semantic text and leaves immutable pointer changes unapplied (87.489634ms)
✔ ingredient and recipe schemas use the same MealArchetype rule: at least one is required (57.314867ms)
✔ pipeline reference-data proposal requires an extensible taxonomy, resolves collisions, and materializes before use (83.709086ms)
✔ RecipeGenerationJob freezes reference-data version and digest (38.819959ms)
✔ Pass A corpus policies use canonical taxonomy term IDs for every semantic coverage criterion (10.78886ms)
✔ T07 R0 stale safety configuration rejects commitPlanPreview without plan writes (156.963445ms)
✔ T07 R0 stale safety configuration rejects commitGeneratedPreview without plan writes (80.618018ms)
✔ T07 R0 extension rejects an intervening edit to the source plan (157.560768ms)
✔ T07/T45 R0 replacement validates preview target, configuration and current day (102.279588ms)
✔ T45 R0 rebalance rejects newer adherence and preserves authoritative before (133.678961ms)
✔ T45 R0 rejects tampered payload, changed catalog and replay after undo (158.87929ms)
✔ T03 R0 missing revision and empty legacy allergen array fail closed (2.313368ms)
✔ T01 R0 pasta/rice pasta and peanut butter/butter use individual evidence, not generic search names (0.504211ms)
✔ T10 R0 explicit quarantine covers all 20 baseline recipe IDs without deleting historical records (5.814039ms)
✔ T12 R0 a valid replacement retains saved notes and can be undone (123.473528ms)
✔ T10 R0 fish template accepts only a documented cooked/ready form (26.979498ms)
✔ T72 R1 miglio generic query aggregates forms without merging IDs, quantities or nutrients (210.932692ms)
✔ T72 R1 inconsistent or non-leaf product paths are rejected instead of inferred from names (82.381238ms)
✔ T06 R1 FoodGroup rejects nested, unknown and duplicate members; membership history is immutable (147.246519ms)
✔ T17/T18 R1 directional shopping yield cannot alter nutritional basis or invent g/ml equivalence (102.524635ms)
✔ T59/T72 R1 migration is additive, restartable, idempotent and preserves current local pointer and old records (116.746651ms)
✔ T59 R1 preserves existing data without legacy epoch and rejects content downgrade (65.631783ms)
✔ T59 R1 interrupted batches and changed local pointer cannot be overwritten (100.152177ms)
✔ T72 R1 unresolved mapping is retained for review without changing the family (95.558225ms)
✔ T72 R1 lexical similarity never merges forms; explicit redirects retain source and reject cycles (110.631856ms)
✔ T23/T39 R1 strict frequency draft validates bounds, half ideals and target references without activating V2 (104.192897ms)
✔ T01/T05 R1 strict safety contract cannot invent reviewer or contain/trace equivalence (62.595214ms)
✔ T21 R1 recipe V2 writes omit instructions and legacy versions remain lossless (103.999607ms)
✔ T59 R1 same-catalog backup 2 round-trips new registries and staged configuration (245.54881ms)
✔ T18 R1 V2 unit conversion requires a reviewed directional density; legacy unsourced conversion cannot be used (111.002671ms)
✔ T59/T74 R1 app/DB/cache contracts are current and every declared offline shell asset exists (25.508047ms)
✔ every browser-loaded JSON schema is an exact mirror of the canonical schema (55.151585ms)
✔ public ingredientRevision schema accepts production energy provenance but remains closed (61.477372ms)
✔ runtime JSON Schema validator accepts all canonical examples (53.182028ms)
✔ runtime JSON Schema validator rejects an invalid allergen id (2.47008ms)
✔ shopping uses civil consumption date, includes carry-over, excludes external slots, and resolves historical versions (93.859412ms)
✔ shopping multiplier scales quantities linearly without mutating the plan (80.894001ms)
✔ aggregation keeps incompatible ingredient states separate even for the same ingredient family (55.647682ms)
✔ persistent checklist tracks staleness and preserves derived user state plus manual items across refresh (40.464849ms)
✔ derived quantities are read-only while manual items can be removed (27.627627ms)
✔ preparation horizon follows civil dates, excludes external meals, and exposes frozen recipe practical metadata (26.345444ms)
✔ Phase A — daily calorie tolerance is a hard window, not a score preference (3.582672ms)
✔ Phase A — feasible 800 kcal plan succeeds with fixed servings only (39.78362ms)
✔ Phase A — feasible 2600 kcal plan succeeds without recipe scaling (2.564104ms)
✔ Phase A — impossible calorie window returns NO_FEASIBLE_PLAN diagnostics rather than out-of-range plan (2.162453ms)
✔ Phase A — soft ranking cannot erase the energy frontier before hard-feasibility search (0.809559ms)
✔ Phase A — numeric MealClass forbid rejects matching values and allows non-matching values (0.76447ms)
✔ Phase A — cooking and simple-snack capabilities are enforced as hard filters (0.529746ms)
✔ Phase A — soft avoid changes ranking but does not exclude candidate (0.496566ms)
✔ Phase A — constraint policy exposes hard and soft semantics explicitly (1.168359ms)
✔ Phase A — replacement preview only exposes candidates that preserve the daily hard energy window (12843.033842ms)
✔ Phase A — planned slots cannot expose external-only protein guidance as a fake constraint (4148.711447ms)
✔ Phase A — unknown external energy cannot be reported as a hard-valid calorie day (3583.96581ms)
✔ Phase B — eligibility expands real culinary coverage without inventing ingredient families (44.806984ms)
✔ Phase B — 1800 RecipeVersions are fixed single servings and use at least 300 distinct ingredients (6.043163ms)
✔ Phase B — every intended meal class has low, medium and high energy choices (1.416219ms)
✔ Phase B — public publication is validation-only and has zero structural quality blockers (352.978625ms)
✔ Phase B — narrow ±2% energy windows are feasible at both 800 and 2600 kcal without scaling (9619.187317ms)
✔ Phase B — generator source contains no energy-fitting solver path (2.042491ms)
✔ Phase C — runtime retrieval exposes the full Phase B archetype instead of truncating at 250 (5215.667597ms)
✔ Phase C — validation profiles are non-destructive configuration overlays (3.502667ms)
✔ Phase C — successful manual case exposes slot pipeline diagnostics, fixed servings and no persisted plan (1387.888183ms)
✔ Phase C — hard allergen remains visible in hard-filter rejection diagnostics (868.596899ms)
✔ Phase C — intolerance and fiber stress presets exercise safety-hard and nutrient-soft paths (0.768629ms)
✔ Phase C — soft MealClass avoid and frequency presets remain non-excluding scoring rules (0.726229ms)
✔ Phase C — soft MealClass avoid changes scores without changing hard eligibility counts (2260.818094ms)
✔ Phase C — deliberately impossible and external-unknown profiles fail with classified hard reasons (1314.287373ms)
✔ Phase C — soft profile changes scoring without becoming a hard constraint (1025.709176ms)
✔ Phase C — same seed and configuration produce the same plan signature (3161.354091ms)
✔ Phase C — UI exposes the manual validation route and diagnostic actions (5.237867ms)
✔ Phase C — browser vertical flow uses retry-safe click after asynchronous today-page rerender (3.445903ms)
✔ Phase D3 — product-food picker collapses technical variants into conceptual taxonomy choices with coverage (5191.90527ms)
✔ Phase D4 — ingredient facets filter by product taxonomy and technical state without exposing revision noise as preference semantics (98.859985ms)
✔ Phase D4 — recipe facets combine product taxonomy, diet and practical tags and filter the actual ingredient graph (793.608102ms)
✔ Phase D3 — the same product-food picker is wired into preference/safety/meal rules and ingredient authoring (9.243226ms)
✔ Phase D5 — Day → Recipe → Ingredient carries contextual return routes down to the exact meal slot (1.708606ms)
✔ Phase D3-D5 — real Chromium gate exercises taxonomy facets and contextual drill-down (1.491289ms)
✔ Phase D2/R1 - all 600 current ingredient revisions have a valid three-level product taxonomy (5188.413933ms)
✔ Phase D2 - Dairy productFood autoExclude is enforced as a hard planner constraint (5768.0041ms)
✔ Phase D1 - propose alternative changes every planned slot when strict alternative search is feasible (8298.383448ms)
✔ Phase D1 - recalculate and alternative are distinct, explicit modes (6676.678592ms)
✔ Phase E protocol has the required manual product coverage (1.623558ms)
✔ Phase E acceptance stays blocked until every required case passes (1.085219ms)
✔ Phase E normalizer requires fail severity and strips severity from passing cases (1.393409ms)
✔ Phase F — slot option keeps nutrition as a tie-break while applying preference and variety at full strength (4.496368ms)
✔ Phase F — short-window exact recipe repetition is strongly penalized but remains soft (2.214098ms)
✔ Phase F — quality metrics expose uniqueness and rolling repetition windows (19.098418ms)
✔ Phase F — Planner Lab surfaces quality metrics and raw export contains them (39.2459ms)
✔ Historical Phase G — release-candidate freeze binds rc.34 to the 600/1800 planner baseline without mutating recipe content (23.475332ms)
✔ Historical Phase G — product taxonomy and Phase F quality evidence are part of the freeze contract (15.402142ms)
✔ Historical Phase G — freeze records the fail-closed boundary even after a later metadata-only stable promotion (10.618936ms)
✔ Historical Phase G — PWA shell/data cache and pre-V1 epoch stay frozen through stable metadata promotion (3.02655ms)
✔ Historical Phase H — handoff closes development while preserving the Phase G frozen content (353.00888ms)
✔ Historical Phase H — stable promotion requires exact ACCEPT V1 and a fully passing manual report (286.430153ms)
✔ Historical Phase H — a synthetic accepted projection passes the stable gate without changing frozen catalog content (226.983876ms)
✔ Historical Phase H — promotion CLI is dry-run by default and does not embed an acceptance decision (5.709756ms)
✔ R1 epoch adoption preserves existing RC data and owned browser state for additive migration (48.42173ms)
✔ current pre-V1 epoch is idempotent and does not erase current candidate data (0.768675ms)
✔ Planner Phase B publication is coherent: 600 ingredients, 1800 recipes and core contains the validation corpus (261.355185ms)
✔ Step2 A — default 7-day plan is deterministic, complete, within energy tolerance and reloadable (12614.48978ms)
✔ Step2 B — vegetarian auto-exclusions hold during generation and replacement (13947.151747ms)
✔ Step2 C/R0 — unreviewed milk compatibility excludes generation, replacement and rebalance (9013.243895ms)
✔ Step2 D — configurable external meal, capability filtering and carry-over civil date work together (4301.300902ms)
✔ Step2 E — replacement, adherence, rebalance, undo/redo and reload preserve an effective plan (10395.177418ms)
✔ Step2 F — shopping is derived from frozen effective plan, scales, persists checklist state and stays stale after undo/redo (6041.086417ms)
✔ Step3 A - V1 catalog backup validates and round-trips user configuration without replacing base catalog (8398.743128ms)
✔ Step3 B - delete local data clears private state but preserves public PWA caches by default (3826.360677ms)
✔ Step3 C - destructive delete can clear owned public caches when explicitly requested (0.647698ms)
✔ Step3 D - stable release gate is fail-closed on the candidate and green after metadata-only promotion (487.402938ms)
ℹ tests 273
ℹ suites 0
ℹ pass 273
ℹ fail 0
ℹ cancelled 0
ℹ skipped 0
ℹ todo 0
ℹ duration_ms 62546.932156
