npm warn Unknown env config "http-proxy". This will stop working in the next major version of npm.

> yourdietmanager@1.1.0-dev.r1 test
> node --test tests/*.test.mjs

✔ backup round-trip restores config and preserves base catalog (205.62267ms)
✔ catalog bootstrap validates then activates only after import (151.842683ms)
✔ Phase 3 bootstrap installs required packs only and keeps optional packs available (160.697513ms)
✔ indexed recipe query combines text, numeric filters, current-version and installed-pack membership (111.918283ms)
✔ pack uninstall hides recipes without deleting immutable versions (110.2613ms)
✔ personal ingredient edits create immutable revisions and advance the family pointer (114.716139ms)
✔ personal recipe nutrition and allergens are derived from frozen ingredient revisions and edits create versions (175.640887ms)
✔ personal catalog export/import preserves user family+version records with checksum (196.220555ms)
✔ failed catalog update leaves the previous active version untouched (138.684797ms)
✔ all distributed Phase 3 catalog records validate, including optional packs (101.610392ms)
✔ real Phase 2 catalog fixture upgrades to Phase 3 without mutating historical immutable records (110.228552ms)
✔ bootstrap configuration passes Phase 2 semantic validation (157.344474ms)
✔ nutrition semantic validation rejects inverted bounds and ambiguous enabled state (102.431315ms)
✔ DayClass overlapping slots require parallel=true on every overlapping slot (74.551755ms)
✔ configuration validation rejects missing cross-record references (58.597917ms)
✔ cycle normalization creates a contiguous 1..N sequence (80.148325ms)
✔ saveConfigurationBundle validates before atomic activation (71.028922ms)
✔ onboarding draft persists separately and completion activates atomically (92.396449ms)
✔ unknown quantitative MealClass target is rejected by the V1 registry (79.324909ms)
✔ structure configuration export excludes sensitive profiles and imports over local safety settings (99.503188ms)
✔ configuration export checksum detects tampering (79.931506ms)
✔ cycle editor domain supports the V1 maximum of 31 contiguous days (69.162514ms)
✔ controlled-scale schema is mirrored into the public PWA schema surface (14.774814ms)
✔ 4P-D controlled plan is schema-valid, policy-bound and bridges exactly 220 -> 500 as 100+100+80 (98.098159ms)
✔ freshness identity helper reproduces scanCorpus content digest without re-running coverage analysis (140.733862ms)
✔ controlled-scale generator produces deterministic lunch candidates inside the frozen energy band from curated/high ingredients only (8.347635ms)
✔ pre-freeze controlled-scale writer workflow is retired while the historical runner remains available in Git history/source (2.805996ms)
✔ split controlled-scale runner accumulates canonical tranche evidence instead of overwriting prior checkpoints (0.94039ms)
✖ IndexedDB metadata contains all 22 V1 stores and critical indexes (3.405561ms)
✖ migration runner is idempotent (2.218785ms)
✔ semver compatibility comparison is deterministic (0.486497ms)
✔ i18n has English fallback (1.021611ms)
✔ theme engine enforces WCAG guardrails (0.578089ms)
✔ Phase 4 orchestrator schemas are addressable by runtime aliases and canonical artifacts validate (109.771201ms)
✔ corpus scanner reproduces the smoke release snapshot quality and release gates (89.458627ms)
✔ corpus scanner treats inputDigest drift as a nutrition/provenance quality error (49.749872ms)
✔ orchestrator produces deterministic jobs for the same policy, snapshot, seed and goal (47.88943ms)
✔ focused expansion turns user focus into a constraint while retaining automatic batch planning (57.388293ms)
✔ focus_only planning freezes the first portable scale batch to generator-supported dimensions (46.281369ms)
✔ smoke pipeline rejects an exact duplicate and a candidate outside the planned nutrition range before reaching target (60.17209ms)
✔ published Phase 4 smoke release can be imported by the Phase 3 runtime catalog engine (129.052012ms)
✔ catalog loader accepts immutable records introduced by an older catalog but rejects records from a future catalog (101.64501ms)
✔ production release gate refuses development ingredient fixtures when curated high-confidence provenance is required (83.657076ms)
✔ default V1 corpus policy remains a 3,000–5,000 production target and validates (53.147021ms)
✔ compound coverage criteria count intersections rather than independent marginal distributions (90.86733ms)
✔ production planner keeps compound target criteria mutually compatible and caps simultaneous targets (121.776618ms)
✔ recipe pipeline enforces ingredient-category coverage criteria carried by the job (117.049963ms)
✔ USDA Foundation intake stays review-only until explicit approval, then materializes schema-valid curated ingredients (465.970075ms)
✔ deterministic pilot generator covers every frozen pilot stratum using curated/high ingredients only (123.443572ms)
✔ six deterministic pilot waves close with 120 accepted candidates and zero unresolved references (878.350632ms)
✔ portable scale generator can feed a 100-accepted industrialized batch without review backlog (325.544512ms)
✔ portable scale generator solves high-density USDA-style combinations without creating nutrition review backlog (245.303875ms)
✔ focus_only production planning excludes compound coverage cells unless every criterion is explicitly focused (429.737297ms)
✔ portable scale generator fails before batch execution when job requires unsupported protein or fiber bands (24.658961ms)
✔ 4P-A production contract is schema-valid, policy-aligned and defines a 120-candidate pilot (175.859279ms)
✔ 4P-A readiness audit exposes the real current blocker: all four active ingredient fixtures are non-production (98.714399ms)
✔ production planner excludes non-curated ingredients instead of emitting a production RecipeGenerationJob (169.845302ms)
✔ taxonomy intake reuses a canonical term instead of creating a duplicate proposal (83.863159ms)
✔ new extensible taxonomy concepts are proposed, reviewed and materialized before recipe use (141.816135ms)
✔ pilot intake distinguishes taxonomy resolution from ingredient production readiness (133.449839ms)
✔ an unresolved intake record cannot enter the production recipe processor (94.976002ms)
✔ ready production intake stamps accepted RecipeVersion with candidate, intake and contract provenance (123.45204ms)
✔ 4P-B freezes a two-source curation policy because Foundation published inventory is below the 400 ingredient minimum (104.73737ms)
✔ USDA curation import produces a source-digested review batch whose heuristics cannot materialize without explicit checks (261.451282ms)
✔ USDA importer converts kJ-only Energy to kcal instead of relabeling the numeric value (202.051421ms)
✔ approved curation record remains blocked unless every editorial review dimension is explicitly complete (46.905294ms)
✔ pilot wave 1 stays blocked until production ingredient readiness passes and wave 2 cannot bypass wave 1 closure (114.703112ms)
✔ pilot readiness ignores final 3000-recipe and production-manifest blockers once ingredient/reference readiness is green (72.152783ms)
✔ SR Legacy supplemental importer is source-bound and remains review-only (202.108248ms)
✔ legacy fixture retirement is an explicit schema-governed map, never an implicit replacement (96.910813ms)
✔ 4P-B governance is mirrored in the normative spec and project Skill (7.798205ms)
✔ 4P-C production recipe pipeline policy is schema-valid and bound to 4P-A/4P-B policies (110.935947ms)
✔ 4P-C scale job intake is deterministic and never starts candidates as ready (88.999401ms)
✔ industrialized production batch accepts only a full-score clean candidate and freezes report digest (94.119137ms)
✔ non-approved culinary candidate becomes needs_recipe_review and can be explicitly requeued (121.324756ms)
✔ numeric plausibility failures are quarantined as nutrition_outlier rather than silently rejected (74.074482ms)
✔ semantic taxonomy exceptions are routed to needs_reference_review (105.023588ms)
✔ exact duplicates are classified explicitly as duplicate and are terminal rejected in intake (250.051354ms)
✔ fresh snapshot guard detects corpus mutation after job planning (112.903924ms)
✔ current scale-500 gate is hard-blocked by unfinished 4P-B data/pilot, not by missing 3000 production recipes (72.103377ms)
✔ scale-500 gate becomes pass only after pilot completion, corpus quality and pro-rata hard coverage all pass (86.001099ms)
✔ scale-500 gate cannot become ready while the current corpus snapshot has quality errors (118.029493ms)
