✔ IndexedDB metadata contains the 22 legacy stores plus 3 versioned R1 stores and critical indexes (5.901352ms)
✔ migration runner is idempotent (3.972718ms)
✔ semver compatibility comparison is deterministic (0.506739ms)
✔ i18n has English fallback (1.053718ms)
✔ theme engine enforces WCAG guardrails (1.206929ms)
✔ Pass C standard bootstrap is neutral, complete and schema-valid (183.889721ms)
✔ Pass C bootstrap upgrades only untouched legacy defaults and preserves explicit user configuration (210.340367ms)
✔ Pass C editable-route registry and dirty confirmation use one global navigation rule (2.074874ms)
✔ Pass C source audit centralizes disclosure state, guarded navigation, feedback and DayClass capabilities (15.8136ms)
✔ R1 structural schema is DB v7 and applies the new compound catalog indexes without deleting stores (2.229427ms)
✔ content migration resumes after interruption and is idempotent (71.880197ms)
✔ 10k unfiltered catalog browsing reads only the requested page of RecipeVersion records (361.379812ms)
✔ 10k operation history uses persisted head/redo pointers for new commits and bounded recent reads (267.016574ms)
✔ offline pack planner selects only the shard families needed by the installed recipe versions (8.627437ms)
✔ catalog update can roll back to the previous active family pointers while retaining immutable staged records (161.576933ms)
✔ failed catalog update records recoverable state without switching the active version (36.742787ms)
✔ runtime storage metrics persist record counts and quota estimates in meta (0.626061ms)
✔ Phase 8 accessibility and offline source gates are present (2.444261ms)
✔ Pass A reference-data seed validates with schemas, hierarchy, aliases and deterministic digest (143.147921ms)
✔ Pass A semantic gate rejects typo references instead of silently accepting them (25.777672ms)
✔ Pass A migration maps legacy strings to canonical IDs without mutating historical ingredient/recipe records (206.337092ms)
✔ Pass A migration explicitly retypes legacy soft preference ingredient text when it resolves to a canonical food category (155.349079ms)
✔ Pass A migration does not broaden legacy auto-exclude ingredient text into a food category (104.829544ms)
✔ Pass A migration blocks unresolved legacy semantic text and leaves immutable pointer changes unapplied (61.868677ms)
✔ ingredient and recipe schemas use the same MealArchetype rule: at least one is required (95.448626ms)
✔ pipeline reference-data proposal requires an extensible taxonomy, resolves collisions, and materializes before use (114.290483ms)
✔ RecipeGenerationJob freezes reference-data version and digest (13.455553ms)
✔ Pass A corpus policies use canonical taxonomy term IDs for every semantic coverage criterion (6.592059ms)
✔ T07 R0 stale safety configuration rejects commitPlanPreview without plan writes (152.188796ms)
✔ T07 R0 stale safety configuration rejects commitGeneratedPreview without plan writes (157.25812ms)
✔ T07 R0 extension rejects an intervening edit to the source plan (113.875032ms)
✔ T07/T45 R0 replacement validates preview target, configuration and current day (58.467079ms)
✔ T45 R0 rebalance rejects newer adherence and preserves authoritative before (110.727092ms)
✔ T45 R0 rejects tampered payload, changed catalog and replay after undo (119.455354ms)
✔ T03 R0 missing revision and empty legacy allergen array fail closed (0.913111ms)
✔ T01 R0 pasta/rice pasta and peanut butter/butter use individual evidence, not generic search names (0.386783ms)
✔ T10 R0 explicit quarantine covers all 20 baseline recipe IDs without deleting historical records (5.259903ms)
✔ T12 R0 a valid replacement retains saved notes and can be undone (90.098413ms)
✔ T72 R1 miglio generic query aggregates forms without merging IDs, quantities or nutrients (167.659323ms)
✔ T72 R1 inconsistent or non-leaf product paths are rejected instead of inferred from names (68.546601ms)
✔ T06 R1 FoodGroup rejects nested, unknown and duplicate members; membership history is immutable (155.52382ms)
✔ T17/T18 R1 directional shopping yield cannot alter nutritional basis or invent g/ml equivalence (114.634305ms)
✔ T59/T72 R1 migration is additive, restartable, idempotent and preserves current local pointer and old records (191.570134ms)
✔ T59 R1 preserves existing data without legacy epoch and rejects content downgrade (81.133142ms)
✔ T59 R1 interrupted batches and changed local pointer cannot be overwritten (102.79004ms)
✔ T72 R1 unresolved mapping is retained for review without changing the family (58.314029ms)
✔ T72 R1 lexical similarity never merges forms; explicit redirects retain source and reject cycles (88.655758ms)
✔ T23/T39 R1 strict frequency draft validates bounds, half ideals and target references without activating V2 (45.999965ms)
✔ T01/T05 R1 strict safety contract cannot invent reviewer or contain/trace equivalence (63.822792ms)
✔ T21 R1 recipe V2 writes omit instructions and legacy versions remain lossless (66.148983ms)
✔ T59 R1 same-catalog backup 2 round-trips new registries and staged configuration (196.483147ms)
✔ every browser-loaded JSON schema is an exact mirror of the canonical schema (62.615726ms)
✔ public ingredientRevision schema accepts production energy provenance but remains closed (47.15522ms)
✔ Phase A — daily calorie tolerance is a hard window, not a score preference (3.572051ms)
✔ Phase A — feasible 800 kcal plan succeeds with fixed servings only (22.415961ms)
✔ Phase A — feasible 2600 kcal plan succeeds without recipe scaling (1.669113ms)
✔ Phase A — impossible calorie window returns NO_FEASIBLE_PLAN diagnostics rather than out-of-range plan (1.46491ms)
✔ Phase A — soft ranking cannot erase the energy frontier before hard-feasibility search (0.810014ms)
✔ Phase A — numeric MealClass forbid rejects matching values and allows non-matching values (0.438417ms)
✔ Phase A — cooking and simple-snack capabilities are enforced as hard filters (0.358561ms)
✔ Phase A — soft avoid changes ranking but does not exclude candidate (0.554122ms)
✔ Phase A — constraint policy exposes hard and soft semantics explicitly (4.937862ms)
✔ Phase A — replacement preview only exposes candidates that preserve the daily hard energy window (7343.767819ms)
✔ Phase A — planned slots cannot expose external-only protein guidance as a fake constraint (2227.904577ms)
✔ Phase A — unknown external energy cannot be reported as a hard-valid calorie day (2762.987203ms)
✔ Historical Phase G — release-candidate freeze binds rc.34 to the 600/1800 planner baseline without mutating recipe content (17.48617ms)
✔ Historical Phase G — product taxonomy and Phase F quality evidence are part of the freeze contract (5.384877ms)
✔ Historical Phase G — freeze records the fail-closed boundary even after a later metadata-only stable promotion (8.829024ms)
✔ Historical Phase G — PWA shell/data cache and pre-V1 epoch stay frozen through stable metadata promotion (7.125568ms)
✔ Historical Phase H — handoff closes development while preserving the Phase G frozen content (355.793301ms)
✔ Historical Phase H — stable promotion requires exact ACCEPT V1 and a fully passing manual report (241.652268ms)
✔ Historical Phase H — a synthetic accepted projection passes the stable gate without changing frozen catalog content (231.953493ms)
✔ Historical Phase H — promotion CLI is dry-run by default and does not embed an acceptance decision (1.571429ms)
✔ R1 epoch adoption preserves existing RC data and owned browser state for additive migration (93.441352ms)
✔ current pre-V1 epoch is idempotent and does not erase current candidate data (1.731702ms)
✔ Planner Phase B publication is coherent: 600 ingredients, 1800 recipes and core contains the validation corpus (289.377568ms)
ℹ tests 76
ℹ suites 0
ℹ pass 76
ℹ fail 0
ℹ cancelled 0
ℹ skipped 0
ℹ todo 0
ℹ duration_ms 12655.49249
